[    1884ms] Unexpected token 'export'
[    1980ms] Unexpected token 'export'
[    2481ms] TypeError: Cannot read properties of undefined (reading 'scriptLoader')
    at https://dev301473.service-now.com/uxab/par-bundle.jsdbx?uxpcb=1771449214758&sysparm_use_cache_buster=true:34:12
    at https://dev301473.service-now.com/uxab/par-bundle.jsdbx?uxpcb=1771449214758&sysparm_use_cache_buster=true:40:3
[    3548ms] TypeError: (0 , ut.setUserPrefs) is not a function
    at https://dev301473.service-now.com/uxab/shell-bundle.jsdbx?uxpcb=1771449214758&sysparm_use_cache_buster=true:392:32212
    at https://dev301473.service-now.com/uxab/shell-bundle.jsdbx?uxpcb=1771449214758&sysparm_use_cache_buster=true:396:3
[    3632ms] TypeError: (0 , vo.getIcon) is not a function
    at ut (https://dev301473.service-now.com/uxab/shell-bundle.jsdbx?uxpcb=1771449214758&sysparm_use_cache_buster=true:329:51503)
    at https://dev301473.service-now.com/uxab/shell-bundle.jsdbx?uxpcb=1771449214758&sysparm_use_cache_buster=true:329:534019
    at https://dev301473.service-now.com/uxab/shell-bundle.jsdbx?uxpcb=1771449214758&sysparm_use_cache_buster=true:329:534061
    at https://dev301473.service-now.com/uxab/uxf-bundle.jsdbx?uxpcb=1771449214758&sysparm_use_cache_buster=true:700:108115
    at https://dev301473.service-now.com/uxab/uxf-bundle.jsdbx?uxpcb=1771449214758&sysparm_use_cache_buster=true:700:107082
    at Object.has (https://dev301473.service-now.com/uxab/uxf-bundle.jsdbx?uxpcb=1771449214758&sysparm_use_cache_buster=true:700:107508)
    at yI (https://dev301473.service-now.com/uxab/uxf-bundle.jsdbx?uxpcb=1771449214758&sysparm_use_cache_buster=true:700:108291)
    at SI (https://dev301473.service-now.com/uxab/uxf-bundle.jsdbx?uxpcb=1771449214758&sysparm_use_cache_buster=true:700:108858)
    at https://dev301473.service-now.com/uxab/uxf-bundle.jsdbx?uxpcb=1771449214758&sysparm_use_cache_buster=true:700:108873
[    3632ms] TypeError: (0 , vo.getIcon) is not a function
    at ut (https://dev301473.service-now.com/uxab/shell-bundle.jsdbx?uxpcb=1771449214758&sysparm_use_cache_buster=true:329:51503)
    at https://dev301473.service-now.com/uxab/shell-bundle.jsdbx?uxpcb=1771449214758&sysparm_use_cache_buster=true:329:534811
    at https://dev301473.service-now.com/uxab/shell-bundle.jsdbx?uxpcb=1771449214758&sysparm_use_cache_buster=true:329:534858
    at https://dev301473.service-now.com/uxab/uxf-bundle.jsdbx?uxpcb=1771449214758&sysparm_use_cache_buster=true:700:108115
    at https://dev301473.service-now.com/uxab/uxf-bundle.jsdbx?uxpcb=1771449214758&sysparm_use_cache_buster=true:700:107082
    at Object.has (https://dev301473.service-now.com/uxab/uxf-bundle.jsdbx?uxpcb=1771449214758&sysparm_use_cache_buster=true:700:107508)
    at yI (https://dev301473.service-now.com/uxab/uxf-bundle.jsdbx?uxpcb=1771449214758&sysparm_use_cache_buster=true:700:108291)
    at SI (https://dev301473.service-now.com/uxab/uxf-bundle.jsdbx?uxpcb=1771449214758&sysparm_use_cache_buster=true:700:108858)
    at https://dev301473.service-now.com/uxab/uxf-bundle.jsdbx?uxpcb=1771449214758&sysparm_use_cache_buster=true:700:108873
[    7742ms] [WARNING] The resource https://dev301473.service-now.com/uxta/c630145d770130104fdc5ed999106141.assetx was preloaded using link preload but not used within a few seconds from the window's load event. Please make sure it has an appropriate `as` value and it is preloaded intentionally. @ https://dev301473.service-now.com/login.do:0
[    7743ms] [WARNING] The resource https://dev301473.service-now.com/uxta/1a9967bab7b0201041aa9aedce11a932.assetx was preloaded using link preload but not used within a few seconds from the window's load event. Please make sure it has an appropriate `as` value and it is preloaded intentionally. @ https://dev301473.service-now.com/login.do:0
[    7743ms] [WARNING] The resource https://dev301473.service-now.com/uxta/a8ca096b771220104fdc5ed99910612b.assetx was preloaded using link preload but not used within a few seconds from the window's load event. Please make sure it has an appropriate `as` value and it is preloaded intentionally. @ https://dev301473.service-now.com/login.do:0
[    7743ms] [WARNING] The resource https://dev301473.service-now.com/uxta/79aa856b771220104fdc5ed9991061a5.assetx was preloaded using link preload but not used within a few seconds from the window's load event. Please make sure it has an appropriate `as` value and it is preloaded intentionally. @ https://dev301473.service-now.com/login.do:0
[    7743ms] [WARNING] The resource https://dev301473.service-now.com/uxta/bf5ac16b771220104fdc5ed999106179.assetx was preloaded using link preload but not used within a few seconds from the window's load event. Please make sure it has an appropriate `as` value and it is preloaded intentionally. @ https://dev301473.service-now.com/login.do:0
[    7743ms] [WARNING] The resource https://dev301473.service-now.com/uxta/f19a856b771220104fdc5ed9991061aa.assetx was preloaded using link preload but not used within a few seconds from the window's load event. Please make sure it has an appropriate `as` value and it is preloaded intentionally. @ https://dev301473.service-now.com/login.do:0
[    7743ms] [WARNING] The resource https://dev301473.service-now.com/uxta/c69aa99853546010b846ddeeff7b1256.assetx was preloaded using link preload but not used within a few seconds from the window's load event. Please make sure it has an appropriate `as` value and it is preloaded intentionally. @ https://dev301473.service-now.com/login.do:0
[    7743ms] [WARNING] The resource https://dev301473.service-now.com/uxta/26ffc05d770130104fdc5ed999106112.assetx was preloaded using link preload but not used within a few seconds from the window's load event. Please make sure it has an appropriate `as` value and it is preloaded intentionally. @ https://dev301473.service-now.com/login.do:0
[    7743ms] [WARNING] The resource https://dev301473.service-now.com/uxta/eab360b1c7102010d447c17cf4c2603f.assetx was preloaded using link preload but not used within a few seconds from the window's load event. Please make sure it has an appropriate `as` value and it is preloaded intentionally. @ https://dev301473.service-now.com/login.do:0
[    7743ms] [WARNING] The resource https://dev301473.service-now.com/uxta/f434a4b1c7102010d447c17cf4c26030.assetx was preloaded using link preload but not used within a few seconds from the window's load event. Please make sure it has an appropriate `as` value and it is preloaded intentionally. @ https://dev301473.service-now.com/login.do:0
[    7743ms] [WARNING] The resource https://dev301473.service-now.com/uxta/fcba856b771220104fdc5ed9991061af.assetx was preloaded using link preload but not used within a few seconds from the window's load event. Please make sure it has an appropriate `as` value and it is preloaded intentionally. @ https://dev301473.service-now.com/login.do:0
[    7743ms] [WARNING] The resource https://dev301473.service-now.com/uxta/5872a471c7102010d447c17cf4c2604b.assetx was preloaded using link preload but not used within a few seconds from the window's load event. Please make sure it has an appropriate `as` value and it is preloaded intentionally. @ https://dev301473.service-now.com/login.do:0
[    7743ms] [WARNING] The resource https://dev301473.service-now.com/uxta/68f8ed5853546010b846ddeeff7b127c.assetx was preloaded using link preload but not used within a few seconds from the window's load event. Please make sure it has an appropriate `as` value and it is preloaded intentionally. @ https://dev301473.service-now.com/login.do:0
[    7743ms] [WARNING] The resource https://dev301473.service-now.com/uxta/649bcd6b771220104fdc5ed9991061e1.assetx was preloaded using link preload but not used within a few seconds from the window's load event. Please make sure it has an appropriate `as` value and it is preloaded intentionally. @ https://dev301473.service-now.com/login.do:0
[    7743ms] [WARNING] The resource https://dev301473.service-now.com/uxta/f93a299853546010b846ddeeff7b12b5.assetx was preloaded using link preload but not used within a few seconds from the window's load event. Please make sure it has an appropriate `as` value and it is preloaded intentionally. @ https://dev301473.service-now.com/login.do:0
[    7743ms] [WARNING] The resource https://dev301473.service-now.com/uxta/b0c2a871c7102010d447c17cf4c260a3.assetx was preloaded using link preload but not used within a few seconds from the window's load event. Please make sure it has an appropriate `as` value and it is preloaded intentionally. @ https://dev301473.service-now.com/login.do:0
[    7743ms] [WARNING] The resource https://dev301473.service-now.com/uxta/a232a471c7102010d447c17cf4c2604d.assetx was preloaded using link preload but not used within a few seconds from the window's load event. Please make sure it has an appropriate `as` value and it is preloaded intentionally. @ https://dev301473.service-now.com/login.do:0
[    7743ms] [WARNING] The resource https://dev301473.service-now.com/uxta/b4932c71c7102010d447c17cf4c26086.assetx was preloaded using link preload but not used within a few seconds from the window's load event. Please make sure it has an appropriate `as` value and it is preloaded intentionally. @ https://dev301473.service-now.com/login.do:0
[    7743ms] [WARNING] The resource https://dev301473.service-now.com/uxta/c79c3863771220104fdc5ed999106188.assetx was preloaded using link preload but not used within a few seconds from the window's load event. Please make sure it has an appropriate `as` value and it is preloaded intentionally. @ https://dev301473.service-now.com/login.do:0
[    7743ms] [WARNING] The resource https://dev301473.service-now.com/uxta/7382e471c7102010d447c17cf4c260b2.assetx was preloaded using link preload but not used within a few seconds from the window's load event. Please make sure it has an appropriate `as` value and it is preloaded intentionally. @ https://dev301473.service-now.com/login.do:0
[   75687ms] [WARNING] [UXF Shortcuts]: Failed to set action state - missing params. @ https://dev301473.service-now.com/uxab/uxf-bundle.jsdbx?uxpcb=1771449214758&sysparm_use_cache_buster=true:95
[   75723ms] [WARNING] [getAiEngagementLauncherBehavior] No experience type returned @ https://dev301473.service-now.com/uxab/shell-bundle.jsdbx?uxpcb=1771449214758&sysparm_use_cache_buster=true:456
[   75725ms] [WARNING] No generator ID provided to getGeneratorById(); falling back to default generator. @ https://dev301473.service-now.com/uxab/uxf-bundle.jsdbx?uxpcb=1771449214758&sysparm_use_cache_buster=true:672
[   75728ms] [WARNING] System property 'glide.amb.session.logout.overlay.style' could not be found. @ https://dev301473.service-now.com/uxab/shell-bundle.jsdbx?uxpcb=1771449214758&sysparm_use_cache_buster=true:369
[   75823ms] [ERROR] Error: <path> attribute d: Expected number, "…245.805 53.8878Cnan nan nan nan …". @ https://dev301473.service-now.com/ui_page.do?sys_id=9b00ea94474b3210a75be99b116d4339:1834
[   75877ms] [WARNING] missing data.transaction_id, could not send page timing @ https://dev301473.service-now.com/scripts/doctype/js_includes_doctype.jsx?v=02-02-2026_1554&lp=Wed_Feb_18_13_13_33_PST_2026&c=10_152:42957
[   76934ms] [WARNING] sn-http-request: Unexpected end of JSON input response body parsing for Content-Type: undefined @ https://dev301473.service-now.com/uxab/uxf-bundle.jsdbx?uxpcb=1771449214758&sysparm_use_cache_buster=true:72
[   77439ms] [WARNING] TypeError: Cannot set property default of [object Module] which has only a getter
    at https://dev301473.service-now.com/uxasset/externals/base64-js/latest/index.jsdbx?sysparm_replace_imports=true&uxpcb=1771449214758:3:140 @ https://dev301473.service-now.com/uxasset/externals/base64-js/latest/index.jsdbx?sysparm_replace_imports=true&uxpcb=1771449214758:2
[   77439ms] [WARNING] TypeError: Cannot assign to read only property '__esModule' of object '[object Module]'
    at https://dev301473.service-now.com/uxasset/externals/base64-js/latest/index.jsdbx?sysparm_replace_imports=true&uxpcb=1771449214758:3:214 @ https://dev301473.service-now.com/uxasset/externals/base64-js/latest/index.jsdbx?sysparm_replace_imports=true&uxpcb=1771449214758:2
[   77440ms] [WARNING] TypeError: Cannot set property default of [object Module] which has only a getter
    at https://dev301473.service-now.com/uxasset/externals/ieee754/latest/index.jsdbx?sysparm_replace_imports=true&uxpcb=1771449214758:5:134 @ https://dev301473.service-now.com/uxasset/externals/ieee754/latest/index.jsdbx?sysparm_replace_imports=true&uxpcb=1771449214758:4
[   77440ms] [WARNING] TypeError: Cannot assign to read only property '__esModule' of object '[object Module]'
    at https://dev301473.service-now.com/uxasset/externals/ieee754/latest/index.jsdbx?sysparm_replace_imports=true&uxpcb=1771449214758:5:206 @ https://dev301473.service-now.com/uxasset/externals/ieee754/latest/index.jsdbx?sysparm_replace_imports=true&uxpcb=1771449214758:4
[   77441ms] [WARNING] TypeError: Cannot set property default of [object Module] which has only a getter
    at https://dev301473.service-now.com/uxasset/externals/buffer/latest/index.jsdbx?sysparm_replace_imports=true&uxpcb=1771449214758:12:128 @ https://dev301473.service-now.com/uxasset/externals/buffer/latest/index.jsdbx?sysparm_replace_imports=true&uxpcb=1771449214758:11
[   77441ms] [WARNING] TypeError: Cannot assign to read only property '__esModule' of object '[object Module]'
    at https://dev301473.service-now.com/uxasset/externals/buffer/latest/index.jsdbx?sysparm_replace_imports=true&uxpcb=1771449214758:12:198 @ https://dev301473.service-now.com/uxasset/externals/buffer/latest/index.jsdbx?sysparm_replace_imports=true&uxpcb=1771449214758:11
[   77444ms] [WARNING] TypeError: Cannot set property default of [object Module] which has only a getter
    at https://dev301473.service-now.com/uxasset/externals/entities/latest/index.jsdbx?sysparm_replace_imports=true&uxpcb=1771449214758:3:134 @ https://dev301473.service-now.com/uxasset/externals/entities/latest/index.jsdbx?sysparm_replace_imports=true&uxpcb=1771449214758:2
[   77444ms] [WARNING] TypeError: Cannot assign to read only property '__esModule' of object '[object Module]'
    at https://dev301473.service-now.com/uxasset/externals/entities/latest/index.jsdbx?sysparm_replace_imports=true&uxpcb=1771449214758:3:206 @ https://dev301473.service-now.com/uxasset/externals/entities/latest/index.jsdbx?sysparm_replace_imports=true&uxpcb=1771449214758:2
[   77445ms] [WARNING] TypeError: Cannot set property default of [object Module] which has only a getter
    at https://dev301473.service-now.com/uxasset/externals/safe-buffer/latest/index.jsdbx?sysparm_replace_imports=true&uxpcb=1771449214758:6:143 @ https://dev301473.service-now.com/uxasset/externals/safe-buffer/latest/index.jsdbx?sysparm_replace_imports=true&uxpcb=1771449214758:5
[   77445ms] [WARNING] TypeError: Cannot assign to read only property '__esModule' of object '[object Module]'
    at https://dev301473.service-now.com/uxasset/externals/safe-buffer/latest/index.jsdbx?sysparm_replace_imports=true&uxpcb=1771449214758:6:218 @ https://dev301473.service-now.com/uxasset/externals/safe-buffer/latest/index.jsdbx?sysparm_replace_imports=true&uxpcb=1771449214758:5
[   77445ms] [WARNING] TypeError: Cannot set property default of [object Module] which has only a getter
    at https://dev301473.service-now.com/uxasset/externals/string_decoder/latest/index.jsdbx?sysparm_replace_imports=true&uxpcb=1771449214758:4:152 @ https://dev301473.service-now.com/uxasset/externals/string_decoder/latest/index.jsdbx?sysparm_replace_imports=true&uxpcb=1771449214758:3
[   77445ms] [WARNING] TypeError: Cannot assign to read only property '__esModule' of object '[object Module]'
    at https://dev301473.service-now.com/uxasset/externals/string_decoder/latest/index.jsdbx?sysparm_replace_imports=true&uxpcb=1771449214758:4:230 @ https://dev301473.service-now.com/uxasset/externals/string_decoder/latest/index.jsdbx?sysparm_replace_imports=true&uxpcb=1771449214758:3
[   77448ms] [WARNING] TypeError: Cannot set property default of [object Module] which has only a getter
    at https://dev301473.service-now.com/uxasset/externals/html-to-text/latest/index.jsdbx?sysparm_replace_imports=true&uxpcb=1771449214758:5:146 @ https://dev301473.service-now.com/uxasset/externals/html-to-text/latest/index.jsdbx?sysparm_replace_imports=true&uxpcb=1771449214758:4
[   77448ms] [WARNING] TypeError: Cannot assign to read only property '__esModule' of object '[object Module]'
    at https://dev301473.service-now.com/uxasset/externals/html-to-text/latest/index.jsdbx?sysparm_replace_imports=true&uxpcb=1771449214758:5:222 @ https://dev301473.service-now.com/uxasset/externals/html-to-text/latest/index.jsdbx?sysparm_replace_imports=true&uxpcb=1771449214758:4
